// Jest Snapshot v1, https://goo.gl/fbAQLP

exports[`button should match the snapshot - default 1`] = `
.c0 {
  background: #2979ff;
  color: white;
  border: 1px solid rgba(0,0,0,0.6);
  border-radius: 5px;
  padding: 5px 10px;
  cursor: pointer;
}

<button
  className="c0"
  onClick={[Function]}
>
  my content
</button>
`;
